// Jest Snapshot v1, https://goo.gl/fbAQLP

exports[`Gallery Test should be match the snapshot 1`] = `"<div class=\\"nav-bar\\"><div data-justify=\\"flex-end\\" data-align=\\"center\\" class=\\"nav-bar-inner flex\\"><form><label data-align=\\"center\\" class=\\"form-item flex\\"><i class=\\"icon icon-search\\"></i><input type=\\"text\\" value=\\"\\" name=\\"searchKey\\" class=\\"flex-1\\" placeholder=\\"请输入关键字\\"/></label></form><i class=\\"icon icon-home\\"></i><i class=\\"icon icon-bell\\"></i><i class=\\"icon icon-avatar\\"></i></div></div><div class=\\"gallery\\"><div style=\\"grid-row-end:span NaN\\" class=\\"image-container\\"><img class=\\"image\\" data-lazy=\\"https://gblobscdn.gitbook.com/spaces%2F-LceGMK-Zxa6_-QeGdy1%2Favatar.png?alt=media\\" src=\\"https://picsum.photos/240/379?random=371\\" alt=\\"\\"/></div><div style=\\"grid-row-end:span NaN\\" class=\\"image-container\\"><img class=\\"image\\" data-lazy=\\"https://gblobscdn.gitbook.com/spaces%2F-LceGMK-Zxa6_-QeGdy1%2Favatar.png?alt=media\\" src=\\"https://picsum.photos/240/392?random=286\\" alt=\\"\\"/></div></div>"`;
