// Jest Snapshot v1, https://goo.gl/fbAQLP

exports[`Image Test should be match the snapshot 1`] = `"<div class=\\"image-container\\"><img data-lazy=\\"https://gblobscdn.gitbook.com/spaces%2F-LceGMK-Zxa6_-QeGdy1%2Favatar.png?alt=media\\" src=\\"https://picsum.photos/240/379?random=371\\" alt=\\"\\"/></div>"`;
